// Vitest Snapshot v1, https://vitest.dev/guide/snapshot.html

exports[`UPGMAClusterer > should cluster the provided data as expected 1`] = `
{
  "id": [
    5,
    4,
    2,
    1,
    3,
  ],
  "leftChild": {
    "id": [
      5,
      4,
      2,
      1,
    ],
    "leftChild": {
      "id": [
        5,
        4,
      ],
      "leftChild": {
        "id": [
          5,
        ],
        "leftChild": null,
        "rightChild": null,
      },
      "rightChild": {
        "id": [
          4,
        ],
        "leftChild": null,
        "rightChild": null,
      },
    },
    "rightChild": {
      "id": [
        2,
        1,
      ],
      "leftChild": {
        "id": [
          2,
        ],
        "leftChild": null,
        "rightChild": null,
      },
      "rightChild": {
        "id": [
          1,
        ],
        "leftChild": null,
        "rightChild": null,
      },
    },
  },
  "rightChild": {
    "id": [
      3,
    ],
    "leftChild": null,
    "rightChild": null,
  },
}
`;
